// Jest Snapshot v1, https://goo.gl/fbAQLP

exports[`<RequireSearchParam/> render without crashing 1`] = `
<div>
  Page
</div>
`;
